2540222532
2542618869
2019789072
882505133
2785895224
5890924168
4251712936
301355703
815321802
6488151760
5430344676
4795637990
6088986090
162886175
1490577495
4019364954
2796829553
2107943805
1361515946
7695196051
3372384522
3004285910
5468282856
2073811529
5639136581
2679761730
1464824822
3610465653
5679496952
4044898646
2871645415
1528627536
2363452416
2414582571
110854940
1148591710
2177881000
3696684979
3750271153
1129629358
6176310677
434800240
3140564060
3237624990
5650291167
6475009979
1193565200
5332169012
1512353063
5117274776
5317058910
2010406695
2998859850
2811886326
4466606364
531273425
4686016773
4446062901
263865450
1485860828
5998501615
836481736
1929493120
1020368640
1929238980
7354990697
2797268928
917894730
3306311545
4271965920
1362896283
5153954054
574507136
2426204188
2014275537
1696840733
1198714391
1245167973
6864928692
2390791977
5028961236
4483048889
827568336
2051636480
