4841234124
2502635440
853314098
5503403779
4433305060
2281781950
1714534583
3900350923
452502588
749373213
1162592549
1008398919
606163243
734226600
4291493284
4128050578
2284061328
573017216
2437933435
6404224285
1241141883
5223549178
1983189277
7484510704
4424367724
3012740711
7345887484
781761340
648009811
5673014270
1957543246
1461168894
205122720
1971484360
2254488980
7684358259
4351215401
107034668
2972698209
542191107
1035363715
1671794488
4408193884
6014588805
806366522
2311096736
8751503424
1125275717
7437712050
5056732541
5477349771
3824221857
857532708
3375515370
1001278070
4430693674
3209489158
1829397353
5319947560
5989603108
3650272199
618625190
3953703298
3102492770
8289563169
1777045778
5709984886
3461829216
3072019937
2240497144
3879717452
5134660156
847511141
425381924
1246189238
2058862096
1262717419
1079232848
3566636491
1571538222
1028389435
4060936842
825210072
482853325
2541563671
