4633653294
3719393570
846655320
1573168860
1272602022
5180245239
5952134106
1295209513
1489766842
3978016077
2039187975
2127996606
1862505726
8541444508
3308199880
2766948468
5590229050
3379371193
2371950150
5217679696
1364621970
409940022
3059434499
5141985824
565291792
115558080
1643456991
1916989720
2889501480
1108654077
6617052104
1097389223
787497000
4019227592
6965495314
3432562886
7298519015
2871695410
2801937030
4512284467
6676553724
2804829501
6540531459
256904256
2415932211
4577216956
3015955115
6855479780
1936333154
1919024488
5614150811
4497446916
6437578706
941586704
3072119012
2040946815
