1004113084
3007355305
3502810908
2885766104
3159133560
1192720134
542002597
475131761
1461296617
1441942350
6835711712
5762385182
5448101292
4326425412
2538023670
4922413318
1494166075
454795120
565072676
2888354595
5604481764
7596024034
4241348438
534092889
6219343966
1126317000
5291095033
1896502127
63416045
2405294275
1384918920
2482993271
4239455418
4207003298
3547301567
2015146516
5911723056
1668720202
4825892559
8024957788
1007628026
1886641419
4341990925
4264833762
3532146841
1432091072
1391937740
493062074
8213234116
6166949708
7843020967
2532080730
3833092564
5143321152
