3707477316
2800632576
2930545164
2682867818
1247203518
1670387063
951349546
5150552344
3465023647
4761477972
8907528960
8988288995
1484634786
750025946
2905541504
1736763435
990159390
184324510
806848428
5178291676
3091722121
7857166273
7023851796
2990143414
2927455881
248781486
7519606940
6077007579
2562848100
2530103252
1452597810
677146170
461865691
3479857253
5490577948
931023830
3039983964
3069344082
5201991763
886734253
68850205
226631232
1170110256
4025238822
710297524
313105372
1782721350
2573297883
3474571950
1898410356
1777046665
7719162240
1823039469
3487544235
1106256377
8365972144
559066176
1367586947
2153580026
439202686
2483572495
6550526709
6242405670
393953980
4956443994
741275050
213867936
333171678
887673936
1919604003
363204331
1314955021
1464094325
7368396730
4230238098
1150114550
2535706893
4835498749
4355510518
2291697932
3402992037
