14463705
11960259
30578998
38960190
10533215
17825750
55364793
12494297
10803888
46214982
