74155502
37399266
11755650
11682482
36919678
1184130
