31180390
46989299
11372670
33795934
38099118
50473852
