84635243
33648768
59836843
21531592
2768273
10889380
