977 15801 -1 6257 -1 21181 34861 34837 937 4431 12177 9577 1757 13467 11233 277 6295 9869 9547 24545 317 3413 29407 42517 -1 1071 2821 521 677 -1 22353 337 -1 23335 13787 2257 19003 14877 19431 14329 179 16283 22427 4549 14515 14933 4841 15203 -1 397 15773 4731 24307 1231 905 3785 10211 47751 523 5779 3053 12513 -1 1385 7297 4199 15805 
2 2 -1 2 -1 2 2 2 79 2 2 3 3 2 2 3 2 2 3 2 197 19 2 2 -1 2 2 67 3 -1 2 2 -1 3 3 23 5 2 2 5 3 3 2 2 3 2 2 3 -1 167 5 2 2 7 3 2 3 2 2 11 5 2 -1 3 2 3 3 