2695 2459 1459 9375 14871 -1 313 1627 11473 8069 3307 19159 2723 8615 2327 49841 -1 7181 15671 6045 2237 12693 14691 395 10835 10285 4279 15823 14125 1927 101 23111 6667 19811 37383 3293 47407 10885 1875 379 5723 2289 21425 9799 2021 
2 2 41 2 2 -1 241 29 2 7 2 2 3 2 7 2 -1 3 3 2 13 2 2 3 2 2 2 3 2 3 17 2 5 5 2 2 2 2 2 2 2 2 3 3 31 