31 63 41 13 111 447 293 235 -1 
2 2 2 2 2 2 2 2 -1 