12358779
594713212
902711867
149880251
186785318
599274660
650728706
560094063
87078707
467670817
