996678202
803506379
824354617
814954882
819507686
380772011
245893519
221901355
568035095
891934466
