1001 14629 14197 11501 14959 7745 25931 43641 36311 13223 2933 17823 647 28805 1523 -1 9919 1823 -1 16063 -1 7667 461 18751 19201 24973 14333 47185 6931 39221 13281 -1 643 3573 14851 -1 27607 25699 25475 2713 10721 19239 18745 761 46359 10903 11035 30917 11285 -1 337 46823 
2 2 2 2 3 2 3 2 2 5 2 2 127 2 3 -1 5 2 -1 5 -1 2 173 2 5 3 3 2 2 2 2 -1 67 2 2 -1 3 2 2 13 7 2 2 7 2 3 2 3 2 -1 181 2 