787 155 -1 13511 2027 11145 461 31963 -1 719 1681 681 36645 295 13913 18769 17251 3725 10215 1585 229 5593 3369 2521 20533 21855 -1 223 3673 34941 13909 22603 9713 6535 7977 
19 2 -1 2 19 2 211 2 -1 101 5 2 2 2 3 3 3 3 2 2 61 3 2 2 2 2 -1 11 3 2 3 2 3 3 2 