-1 32855 1495 1777 31763 33193 4079 9731 4355 20735 10175 8931 9259 33787 4575 22679 -1 1817 4759 21835 6701 7935 3679 411 19211 
-1 2 2 43 3 3 2 3 2 3 2 2 2 2 2 2 -1 17 2 2 13 2 3 2 3 