613493884
67852481
510206587
530096591
612702561
486724501
367532587
