750676108
197252492
817923045
702550495
136190571
605001745
738731178
235255052
740682964
420226737
