749536757
481070571
57512075
303220491
464107654
452825178
795644646
486523621
658066861
98424108
