172104770
224601253
705167278
598379193
232258562
426508178
820174417
168049094
121316195
464693947
