506968589
227181876
730160868
767819577
880518882
612233267
441908869
980134028
46626087
136564655
