79641836
213698216
840803089
362087320
937648998
80401496
284938770
798276969
776271175
531436620
