144168843
1
799471640
289924606
877446114
87227546
