32671463
917976030
862403009
702108736
716979374
671839911
795091544
881388470
