344265881
484391015
84863058
550656410
622761443
310885598
847233229
453351393
