476636193
811157580
431839681
367573130
41525628
888738636
218295498
