665162218
224731120
545919187
872953396
821850519
639885673
875892530
871214131
325051738
230509313
