64726377
834664419
660669398
718395053
653016904
858123775
357457319
886386177
777420180
934237863
