293002347
146792041
481031386
428953463
268247046
35932396
446339431
874162636
313767831
470763085
